GET /health → 200
  {"ok":true}
GET /products/3 → 200
  {"id":3,"slug":"acme-classic-notebook-3","name":"Acme Classic Notebook 3","description":"A modular, foldable and handmade companion for every day. Made to be repairable, waterproof and organic companion for every day.","category":"kitchen","brand":"Acme","tags":["durable","recycled","repairable","quiet"],"attributes":{"material":"bamboo","warranty":"4 years","origin":"JP"},"variants":[{"sku":"P3-1","color":"red","size":"L","stock":391,"price":{"amount":3590,"currency":"EUR"}},{"sku":"P3-2","color":"red","size":"XL","stock":184,"price":{"amount":4090,"currency":"EUR"}},{"sku":"P3-3","color":"white","size":"XL","stock":467,"price":{"amount":4590,"currency":"EUR"}}],"rating":{"average":2.7,"count":541},"active":false,"createdAt":"2026-01-01T03:00:00.000Z"}
GET /products?category=kitchen&sort=-price&limit=2 → 200
  {"items":[{"id":8,"slug":"dune-ultra-shoes-8","name":"Dune Ultra Shoes 8","description":"A quiet, modular and handmade companion for every day. Made to be fast, durable and repairable companion for every day. Made to be handmade, recycled and repairable companion for every day.","category":"kitchen","brand":"Dune","tags":["modular","repairable","recycled","handmade"],"attributes":{"material":"oak","warranty":"2 years"},"variants":[{"sku":"P8-1","color":"black","size":"S","stock":399,"price":{"amount":11190,"currency":"EUR"}}],"rating":{"average":4.3,"count":691},"active":true,"createdAt":"2026-01-01T08:00:00.000Z"},{"id":3,"slug":"acme-classic-notebook-3","name":"Acme Classic Notebook 3","description":"A modular, foldable and handmade companion for every day. Made to be repairable, waterproof and organic companion for every day.","category":"kitchen","brand":"Acme","tags":["durable","recycled","repairable","quiet"],"attributes":{"material":"bamboo","warranty":"4 years","origin":"JP"},"variants":[{"sku":"P3-1","color":"red","size":"L","stock":391,"price":{"amount":3590,"currency":"EUR"}},{"sku":"P3-2","color":"red","size":"XL","stock":184,"price":{"amount":4090,"currency":"EUR"}},{"sku":"P3-3","color":"white","size":"XL","stock":467,"price":{"amount":4590,"currency":"EUR"}}],"rating":{"average":2.7,"count":541},"active":false,"createdAt":"2026-01-01T03:00:00.000Z"}],"page":1,"limit":2,"total":2,"pages":1}
GET /products?q=WATERPROOF&inStock=true&limit=1&page=2 → 200
  {"items":[{"id":2,"slug":"cobalt-vintage-kettle-2","name":"Cobalt Vintage Kettle 2","description":"A durable, durable and durable companion for every day. Made to be foldable, handmade and lightweight companion for every day. Made to be waterproof, repairable and handmade companion for every day.","category":"toys","brand":"Halo","tags":["warm","foldable","quiet"],"attributes":{"material":"aluminium","warranty":"5 years"},"variants":[{"sku":"P2-1","color":"white","size":"L","stock":127,"price":{"amount":23990,"currency":"EUR"}},{"sku":"P2-2","color":"white","size":"XL","stock":358,"price":{"amount":24490,"currency":"EUR"}}],"rating":{"average":3.1,"count":1017},"active":true,"createdAt":"2026-01-01T02:00:00.000Z"}],"page":2,"limit":1,"total":4,"pages":4}
GET /products?sort=cheapest → 400
  {"error":{"code":"invalid","message":"sort must be one of id, price, -price, rating, name, newest"}}
GET /products/x1 → 400
  {"error":{"code":"invalid","message":"product id must be a positive integer"}}
POST /products → 201
  {"id":13,"slug":"pour-over-kettle","name":"Pour-over Kettle","description":"","category":"coffee","brand":"Fjord","tags":["gift","steel"],"attributes":{},"variants":[{"sku":"KET-1","color":"steel","size":"M","stock":3,"price":{"amount":4500,"currency":"EUR"}}],"rating":{"average":0,"count":0},"active":true,"createdAt":"2026-01-01T05:01:00.000Z"}
POST /products → 409
  {"error":{"code":"conflict","message":"sku 'KET-1' already exists"}}
POST /products → 400
  {"error":{"code":"bad_json","message":"expected i64 at $.variants[0].stock"}}
POST /products/bulk → 200
  {"created":1,"ids":[14],"errors":[{"index":1,"code":"invalid","message":"category must be one of audio, books, camping, coffee, garden, kitchen, running, toys"},{"index":2,"code":"conflict","message":"sku 'MUG-1' already exists"}]}
PATCH /products/13 → 200
  {"id":13,"slug":"pour-over-kettle","name":"Pour-over Kettle","description":"Slow coffee, fast mornings.","category":"coffee","brand":"Fjord","tags":["coffee"],"attributes":{"material":"steel"},"variants":[{"sku":"KET-1","color":"steel","size":"M","stock":3,"price":{"amount":4500,"currency":"EUR"}}],"rating":{"average":0,"count":0},"active":true,"createdAt":"2026-01-01T05:01:00.000Z"}
PATCH /products/13 → 400
  {"error":{"code":"invalid","message":"name must be 1 to 120 characters"}}
POST /orders → 201
  {"id":31,"status":"pending","customer":{"id":9,"name":"Ada","email":"ada@example.com"},"items":[{"productId":13,"sku":"KET-1","name":"Pour-over Kettle","quantity":2,"unitPrice":4500,"lineTotal":9000},{"productId":14,"sku":"MUG-1","name":"Mug","quantity":30,"unitPrice":1200,"lineTotal":36000}],"shipping":{"line1":"1 Main Street","city":"Oslo","postalCode":"0150","country":"NO"},"currency":"EUR","subtotal":45000,"discount":0,"tax":11250,"shippingCost":0,"total":56250,"createdAt":"2026-01-01T05:03:00.000Z"}
POST /orders → 409
  {"error":{"code":"conflict","message":"only 1 of 'KET-1' in stock"}}
POST /orders → 400
  {"error":{"code":"invalid","message":"unknown sku 'NOPE'"}}
POST /orders/31/status → 409
  {"error":{"code":"conflict","message":"an order can't go from pending to shipped"}}
POST /orders/31/status → 200
  {"id":31,"status":"cancelled","customer":{"id":9,"name":"Ada","email":"ada@example.com"},"items":[{"productId":13,"sku":"KET-1","name":"Pour-over Kettle","quantity":2,"unitPrice":4500,"lineTotal":9000},{"productId":14,"sku":"MUG-1","name":"Mug","quantity":30,"unitPrice":1200,"lineTotal":36000}],"shipping":{"line1":"1 Main Street","city":"Oslo","postalCode":"0150","country":"NO"},"currency":"EUR","subtotal":45000,"discount":0,"tax":11250,"shippingCost":0,"total":56250,"createdAt":"2026-01-01T05:03:00.000Z"}
GET /products/13 → 200
  {"id":13,"slug":"pour-over-kettle","name":"Pour-over Kettle","description":"Slow coffee, fast mornings.","category":"coffee","brand":"Fjord","tags":["coffee"],"attributes":{"material":"steel"},"variants":[{"sku":"KET-1","color":"steel","size":"M","stock":3,"price":{"amount":4500,"currency":"EUR"}}],"rating":{"average":0,"count":0},"active":true,"createdAt":"2026-01-01T05:01:00.000Z"}
GET /orders?customer=9 → 200
  {"items":[{"id":31,"status":"cancelled","customer":{"id":9,"name":"Ada","email":"ada@example.com"},"items":[{"productId":13,"sku":"KET-1","name":"Pour-over Kettle","quantity":2,"unitPrice":4500,"lineTotal":9000},{"productId":14,"sku":"MUG-1","name":"Mug","quantity":30,"unitPrice":1200,"lineTotal":36000}],"shipping":{"line1":"1 Main Street","city":"Oslo","postalCode":"0150","country":"NO"},"currency":"EUR","subtotal":45000,"discount":0,"tax":11250,"shippingCost":0,"total":56250,"createdAt":"2026-01-01T05:03:00.000Z"}],"page":1,"limit":20,"total":1,"pages":1}
GET /stats → 200
  {"products":14,"activeProducts":13,"variants":31,"unitsInStock":5053,"orders":31,"ordersByStatus":{"pending":5,"paid":12,"shipped":10,"cancelled":4},"revenue":2254100,"averageOrderValue":83485,"categories":[{"category":"toys","orders":9,"units":25,"revenue":560950},{"category":"books","orders":15,"units":39,"revenue":532910},{"category":"kitchen","orders":15,"units":43,"revenue":295070},{"category":"audio","orders":6,"units":15,"revenue":266350},{"category":"running","orders":9,"units":18,"revenue":182420},{"category":"coffee","orders":5,"units":11,"revenue":77690},{"category":"camping","orders":6,"units":7,"revenue":24430},{"category":"garden","orders":0,"units":0,"revenue":0}],"topProducts":[{"productId":3,"name":"Acme Classic Notebook 3","units":26,"revenue":104840},{"productId":11,"name":"Halo Smart Bottle 11","units":24,"revenue":218160},{"productId":8,"name":"Dune Ultra Shoes 8","units":17,"revenue":190230},{"productId":1,"name":"Halo Everyday Kettle 1","units":15,"revenue":266350},{"productId":5,"name":"Granite Vintage Grinder 5","units":13,"revenue":271570},{"productId":6,"name":"Acme Everyday Lamp 6","units":13,"revenue":115470},{"productId":2,"name":"Cobalt Vintage Kettle 2","units":12,"revenue":289380},{"productId":10,"name":"Dune Pro Backpack 10","units":11,"revenue":77690},{"productId":12,"name":"Halo Light Notebook 12","units":9,"revenue":303610},{"productId":4,"name":"Fjord Light Shoes 4","units":7,"revenue":24430}]}
DELETE /orders/31 → 405
  {"error":{"code":"method_not_allowed","message":"DELETE is not allowed on /orders/:id"}}
